** Drc report for photometer new.kicad_pcb **
** Created on 2026-07-06T21:08:56 **
** Report includes: Errors, Warnings, Exclusions **

** Found 146 DRC violations **
[tracks_crossing]: Tracks crossing
    Local override; error
    @(98.0000 mm, 84.7197 mm): Track [/AIN2] on B.Cu, length 1.7289 mm
    @(96.7775 mm, 83.4972 mm): Track [/AIN0] on B.Cu, length 1.0076 mm
[shorting_items]: Items shorting two nets (nets Net-(D3-K) and Net-(DA1B--))
    Local override; error
    @(90.7775 mm, 83.5125 mm): Pad 2 [Net-(D3-K)] of R3 on B.Cu
    @(91.5500 mm, 83.5500 mm): Track [Net-(DA1B--)] on B.Cu, length 2.0506 mm
[shorting_items]: Items shorting two nets (nets /AIN0 and /AIN2)
    Local override; error
    @(95.4450 mm, 86.5906 mm): Track [/AIN0] on B.Cu, length 1.7608 mm
    @(95.4450 mm, 86.5906 mm): Pad 7 [/AIN2] of DA1 on B.Cu
[shorting_items]: Items shorting two nets (nets Net-(DA1B--) and Net-(D3-K))
    Local override; error
    @(87.7775 mm, 83.5500 mm): Track [Net-(DA1B--)] on B.Cu, length 3.7725 mm
    @(90.7775 mm, 83.5125 mm): Pad 2 [Net-(D3-K)] of R3 on B.Cu
[clearance]: Clearance violation ( clearance 0.2000 mm; actual 0.1884 mm)
    Local override; error
    @(94.3275 mm, 94.4125 mm): Track [Net-(D2-K)] on B.Cu, length 1.6299 mm
    @(94.8450 mm, 93.2750 mm): Track [<no net>] on B.Cu, length 2.8336 mm
[clearance]: Clearance violation ( clearance 0.2000 mm; actual 0.0500 mm)
    Local override; error
    @(75.0100 mm, 94.8000 mm): Track [Net-(МБЖ1111111111111-Pin_3)] on F.Cu, length 2.8200 mm
    @(76.1600 mm, 96.1900 mm): PTH pad 4 [GND] of МБЖ1111111111111
[shorting_items]: Items shorting two nets (nets /VSHIFT and /AIN0)
    Local override; error
    @(93.7775 mm, 81.6625 mm): Pad 2 [/VSHIFT] of D3 on B.Cu
    @(93.8600 mm, 81.6500 mm): Track [/AIN0] on B.Cu, length 0.0141 mm
[shorting_items]: Items shorting two nets (nets Net-(D2-K) and /VSHIFT)
    Local override; error
    @(94.1750 mm, 91.5406 mm): Track [Net-(D2-K)] on B.Cu, length 0.8319 mm
    @(94.1750 mm, 91.5406 mm): Pad 3 [/VSHIFT] of DA1 on B.Cu
[clearance]: Clearance violation ( clearance 0.2000 mm; actual 0.0294 mm)
    Local override; error
    @(95.4450 mm, 86.5906 mm): Pad 7 [/AIN2] of DA1 on B.Cu
    @(96.0650 mm, 86.4500 mm): Track [/AIN0] on B.Cu, length 0.1988 mm
[shorting_items]: Items shorting two nets (nets /AIN2 and /AIN0)
    Local override; error
    @(96.7775 mm, 83.4972 mm): Pad 1 [/AIN2] of R5 on B.Cu
    @(96.7775 mm, 83.4972 mm): Track [/AIN0] on B.Cu, length 1.0076 mm
[shorting_items]: Items shorting two nets (nets /AIN2 and /AIN0)
    Local override; error
    @(95.4450 mm, 86.5906 mm): Pad 7 [/AIN2] of DA1 on B.Cu
    @(95.9244 mm, 86.5906 mm): Track [/AIN0] on B.Cu, length 0.4794 mm
[clearance]: Clearance violation ( clearance 0.2000 mm; actual 0.1750 mm)
    Local override; error
    @(94.4864 mm, 80.8250 mm): Track [/AIN0] on B.Cu, length 6.3839 mm
    @(87.7775 mm, 81.6500 mm): Pad 1 [/AIN2] of C6 on B.Cu
[clearance]: Clearance violation ( clearance 0.2000 mm; actual 0.0500 mm)
    Local override; error
    @(75.0100 mm, 89.7200 mm): Track [Net-(МБЖ1111111111111-Pin_1)] on F.Cu, length 1.4200 mm
    @(76.1600 mm, 91.1100 mm): PTH pad 2 [GND] of МБЖ1111111111111
[clearance]: Clearance violation ( clearance 0.2000 mm; actual 0.0504 mm)
    Local override; error
    @(75.0100 mm, 91.1400 mm): Track [Net-(МБЖ1111111111111-Pin_1)] on F.Cu, length 3.5497 mm
    @(76.1600 mm, 91.1100 mm): PTH pad 2 [GND] of МБЖ1111111111111
[clearance]: Clearance violation ( clearance 0.2000 mm; actual 0.1884 mm)
    Local override; error
    @(93.6443 mm, 93.6200 mm): Track [<no net>] on B.Cu, length 0.8557 mm
    @(94.3275 mm, 94.4125 mm): Track [Net-(D2-K)] on B.Cu, length 1.6299 mm
[shorting_items]: Items shorting two nets (nets /VSHIFT and Net-(D2-K))
    Local override; error
    @(94.1750 mm, 91.5406 mm): Pad 3 [/VSHIFT] of DA1 on B.Cu
    @(94.1750 mm, 92.3725 mm): Track [Net-(D2-K)] on B.Cu, length 2.8249 mm
[shorting_items]: Items shorting two nets (nets /AIN0 and /AIN2)
    Local override; error
    @(88.1025 mm, 80.8250 mm): Track [/AIN0] on B.Cu, length 0.4596 mm
    @(87.7775 mm, 81.6500 mm): Pad 1 [/AIN2] of C6 on B.Cu
[clearance]: Clearance violation ( clearance 0.2000 mm; actual 0.1210 mm)
    Local override; error
    @(96.0650 mm, 84.2097 mm): Track [/AIN0] on B.Cu, length 2.2403 mm
    @(96.7775 mm, 83.4972 mm): Pad 1 [/AIN2] of R5 on B.Cu
[shorting_items]: Items shorting two nets (nets /AIN0 and /AIN2)
    Local override; error
    @(87.7775 mm, 81.6500 mm): Track [/AIN0] on B.Cu, length 6.0825 mm
    @(90.7775 mm, 81.6875 mm): Pad 1 [/AIN2] of R3 on B.Cu
[clearance]: Clearance violation ( clearance 0.2000 mm; actual 0.1899 mm)
    Local override; error
    @(91.6400 mm, 102.8200 mm): Via [GNDA] on F.Cu - B.Cu
    @(92.4400 mm, 103.7900 mm): Pad 1 [+3V3] of C3 on B.Cu
[shorting_items]: Items shorting two nets (nets /VSHIFT and Net-(DA1B--))
    Local override; error
    @(92.9050 mm, 86.5906 mm): Pad 5 [/VSHIFT] of DA1 on B.Cu
    @(93.0000 mm, 85.0000 mm): Track [Net-(DA1B--)] on B.Cu, length 1.5000 mm
[shorting_items]: Items shorting two nets (nets /AIN0 and /AIN2)
    Local override; error
    @(95.4450 mm, 86.5906 mm): Track [/AIN0] on B.Cu, length 4.8070 mm
    @(95.4450 mm, 86.5906 mm): Pad 7 [/AIN2] of DA1 on B.Cu
[shorting_items]: Items shorting two nets (nets /VSHIFT and /AIN0)
    Local override; error
    @(94.3275 mm, 96.2875 mm): Pad 2 [/VSHIFT] of D2 on B.Cu
    @(88.3575 mm, 96.2500 mm): Track [/AIN0] on B.Cu, length 6.0425 mm
[clearance]: Clearance violation ( clearance 0.2000 mm; actual 0.1884 mm)
    Local override; error
    @(94.3275 mm, 94.4125 mm): Track [Net-(D2-K)] on B.Cu, length 1.6299 mm
    @(94.5000 mm, 93.6200 mm): Track [<no net>] on B.Cu, length 0.4879 mm
[shorting_items]: Items shorting two nets (nets Net-(DA1B--) and Net-(D3-K))
    Local override; error
    @(94.1750 mm, 86.5906 mm): Pad 6 [Net-(DA1B--)] of DA1 on B.Cu
    @(94.1750 mm, 86.5906 mm): Track [Net-(D3-K)] on B.Cu, length 2.6656 mm
[hole_clearance]: Hole clearance violation (board setup constraints hole clearance 0.2500 mm; actual 0.2290 mm)
    Rule: board setup constraints hole; error
    @(90.7175 mm, 102.3350 mm): Pad 1 [/SCLK] of DA3 on B.Cu
    @(91.6400 mm, 102.8200 mm): Via [GNDA] on F.Cu - B.Cu
[copper_edge_clearance]: Board edge clearance violation (board setup constraints edge clearance 0.5000 mm; actual 0.3000 mm)
    Rule: board setup constraints edge; error
    @(70.0000 mm, 79.0000 mm): Rectangle on Edge.Cuts
    @(100.0000 mm, 114.4375 mm): Pad 1 [GND] of D4 on B.Cu
[copper_edge_clearance]: Board edge clearance violation (board setup constraints edge clearance 0.5000 mm; actual 0.3000 mm)
    Rule: board setup constraints edge; error
    @(70.0000 mm, 79.0000 mm): Rectangle on Edge.Cuts
    @(100.0000 mm, 112.5625 mm): Pad 2 [Net-(D4-A)] of D4 on B.Cu
[copper_edge_clearance]: Board edge clearance violation (board setup constraints edge clearance 0.5000 mm; actual 0.3000 mm)
    Rule: board setup constraints edge; error
    @(70.0000 mm, 79.0000 mm): Rectangle on Edge.Cuts
    @(100.0000 mm, 110.8250 mm): Pad 1 [Net-(D4-A)] of R10 on B.Cu
[copper_edge_clearance]: Board edge clearance violation (board setup constraints edge clearance 0.5000 mm; actual 0.3000 mm)
    Rule: board setup constraints edge; error
    @(70.0000 mm, 79.0000 mm): Rectangle on Edge.Cuts
    @(100.0000 mm, 109.0000 mm): Pad 2 [+3V3] of R10 on B.Cu
[drill_out_of_range]: Hole size out of range (board setup constraints min hole 0.3000 mm; actual 0.2000 mm)
    Rule: board setup constraints; error
    @(77.1000 mm, 114.8400 mm): PTH pad 39 [GND] of U1
[drill_out_of_range]: Hole size out of range (board setup constraints min hole 0.3000 mm; actual 0.2000 mm)
    Rule: board setup constraints; error
    @(77.1000 mm, 116.2400 mm): PTH pad 39 [GND] of U1
[drill_out_of_range]: Hole size out of range (board setup constraints min hole 0.3000 mm; actual 0.2000 mm)
    Rule: board setup constraints; error
    @(77.8000 mm, 114.1400 mm): PTH pad 39 [GND] of U1
[drill_out_of_range]: Hole size out of range (board setup constraints min hole 0.3000 mm; actual 0.2000 mm)
    Rule: board setup constraints; error
    @(77.8000 mm, 115.5400 mm): PTH pad 39 [GND] of U1
[drill_out_of_range]: Hole size out of range (board setup constraints min hole 0.3000 mm; actual 0.2000 mm)
    Rule: board setup constraints; error
    @(77.8000 mm, 116.9400 mm): PTH pad 39 [GND] of U1
[drill_out_of_range]: Hole size out of range (board setup constraints min hole 0.3000 mm; actual 0.2000 mm)
    Rule: board setup constraints; error
    @(78.5000 mm, 114.8400 mm): PTH pad 39 [GND] of U1
[drill_out_of_range]: Hole size out of range (board setup constraints min hole 0.3000 mm; actual 0.2000 mm)
    Rule: board setup constraints; error
    @(78.5000 mm, 116.2400 mm): PTH pad 39 [GND] of U1
[drill_out_of_range]: Hole size out of range (board setup constraints min hole 0.3000 mm; actual 0.2000 mm)
    Rule: board setup constraints; error
    @(79.2000 mm, 114.1400 mm): PTH pad 39 [GND] of U1
[drill_out_of_range]: Hole size out of range (board setup constraints min hole 0.3000 mm; actual 0.2000 mm)
    Rule: board setup constraints; error
    @(79.2000 mm, 115.5400 mm): PTH pad 39 [GND] of U1
[drill_out_of_range]: Hole size out of range (board setup constraints min hole 0.3000 mm; actual 0.2000 mm)
    Rule: board setup constraints; error
    @(79.2000 mm, 116.9400 mm): PTH pad 39 [GND] of U1
[drill_out_of_range]: Hole size out of range (board setup constraints min hole 0.3000 mm; actual 0.2000 mm)
    Rule: board setup constraints; error
    @(79.9000 mm, 114.8400 mm): PTH pad 39 [GND] of U1
[drill_out_of_range]: Hole size out of range (board setup constraints min hole 0.3000 mm; actual 0.2000 mm)
    Rule: board setup constraints; error
    @(79.9000 mm, 116.2400 mm): PTH pad 39 [GND] of U1
[starved_thermal]: Thermal relief connection to zone incomplete (layer F.Cu; zone min spoke count 2; actual 1)
    Local override; error
    @(70.2500 mm, 105.2500 mm): Zone [GND] on F.Cu, priority 1
    @(75.5050 mm, 101.1400 mm): Pad 1 [GND] of D1 on F.Cu
[solder_mask_bridge]: Rear solder mask aperture bridges items with different nets
    Rule: board setup solder mask min width; error
    @(93.0000 mm, 85.0000 mm): Track [Net-(DA1B--)] on B.Cu, length 1.5000 mm
    @(92.9050 mm, 86.5906 mm): Pad 5 [/VSHIFT] of DA1 on B.Cu
[solder_mask_bridge]: Rear solder mask aperture bridges items with different nets
    Rule: board setup solder mask min width; error
    @(88.3575 mm, 96.2500 mm): Track [/AIN0] on B.Cu, length 6.0425 mm
    @(94.3275 mm, 96.2875 mm): Pad 2 [/VSHIFT] of D2 on B.Cu
[solder_mask_bridge]: Rear solder mask aperture bridges items with different nets
    Rule: board setup solder mask min width; error
    @(94.1750 mm, 91.5406 mm): Track [Net-(D2-K)] on B.Cu, length 0.8319 mm
    @(94.1750 mm, 91.5406 mm): Pad 3 [/VSHIFT] of DA1 on B.Cu
[solder_mask_bridge]: Rear solder mask aperture bridges items with different nets
    Rule: board setup solder mask min width; error
    @(91.5500 mm, 83.5500 mm): Track [Net-(DA1B--)] on B.Cu, length 2.0506 mm
    @(90.7775 mm, 83.5125 mm): Pad 2 [Net-(D3-K)] of R3 on B.Cu
[solder_mask_bridge]: Rear solder mask aperture bridges items with different nets
    Rule: board setup solder mask min width; error
    @(94.1750 mm, 86.5906 mm): Track [Net-(D3-K)] on B.Cu, length 2.6656 mm
    @(94.1750 mm, 86.5906 mm): Pad 6 [Net-(DA1B--)] of DA1 on B.Cu
[solder_mask_bridge]: Rear solder mask aperture bridges items with different nets
    Rule: board setup solder mask min width; error
    @(94.1750 mm, 92.3725 mm): Track [Net-(D2-K)] on B.Cu, length 2.8249 mm
    @(94.1750 mm, 91.5406 mm): Pad 3 [/VSHIFT] of DA1 on B.Cu
[solder_mask_bridge]: Rear solder mask aperture bridges items with different nets
    Rule: board setup solder mask min width; error
    @(87.7775 mm, 83.5500 mm): Track [Net-(DA1B--)] on B.Cu, length 3.7725 mm
    @(90.7775 mm, 83.5125 mm): Pad 2 [Net-(D3-K)] of R3 on B.Cu
[solder_mask_bridge]: Rear solder mask aperture bridges items with different nets
    Rule: board setup solder mask min width; error
    @(88.1025 mm, 80.8250 mm): Track [/AIN0] on B.Cu, length 0.4596 mm
    @(87.7775 mm, 81.6500 mm): Pad 1 [/AIN2] of C6 on B.Cu
[solder_mask_bridge]: Rear solder mask aperture bridges items with different nets
    Rule: board setup solder mask min width; error
    @(87.7775 mm, 81.6500 mm): Track [/AIN0] on B.Cu, length 6.0825 mm
    @(90.7775 mm, 81.6875 mm): Pad 1 [/AIN2] of R3 on B.Cu
[solder_mask_bridge]: Rear solder mask aperture bridges items with different nets
    Rule: board setup solder mask min width; error
    @(87.7775 mm, 81.6500 mm): Track [/AIN0] on B.Cu, length 6.0825 mm
    @(93.7775 mm, 81.6625 mm): Pad 2 [/VSHIFT] of D3 on B.Cu
[solder_mask_bridge]: Rear solder mask aperture bridges items with different nets
    Rule: board setup solder mask min width; error
    @(87.7775 mm, 81.6500 mm): Track [/AIN0] on B.Cu, length 6.0825 mm
    @(87.7775 mm, 81.6500 mm): Pad 1 [/AIN2] of C6 on B.Cu
[solder_mask_bridge]: Rear solder mask aperture bridges items with different nets
    Rule: board setup solder mask min width; error
    @(95.4450 mm, 86.5906 mm): Track [/AIN0] on B.Cu, length 4.8070 mm
    @(95.4450 mm, 86.5906 mm): Pad 7 [/AIN2] of DA1 on B.Cu
[solder_mask_bridge]: Rear solder mask aperture bridges items with different nets
    Rule: board setup solder mask min width; error
    @(95.4450 mm, 86.5906 mm): Track [/AIN0] on B.Cu, length 1.7608 mm
    @(95.4450 mm, 86.5906 mm): Pad 7 [/AIN2] of DA1 on B.Cu
[solder_mask_bridge]: Rear solder mask aperture bridges items with different nets
    Rule: board setup solder mask min width; error
    @(93.8600 mm, 81.6500 mm): Track [/AIN0] on B.Cu, length 0.0141 mm
    @(93.7775 mm, 81.6625 mm): Pad 2 [/VSHIFT] of D3 on B.Cu
[solder_mask_bridge]: Rear solder mask aperture bridges items with different nets
    Rule: board setup solder mask min width; error
    @(96.7775 mm, 83.4972 mm): Track [/AIN0] on B.Cu, length 1.0076 mm
    @(96.7775 mm, 83.4972 mm): Pad 1 [/AIN2] of R5 on B.Cu
[solder_mask_bridge]: Rear solder mask aperture bridges items with different nets
    Rule: board setup solder mask min width; error
    @(95.9244 mm, 86.5906 mm): Track [/AIN0] on B.Cu, length 0.4794 mm
    @(95.4450 mm, 86.5906 mm): Pad 7 [/AIN2] of DA1 on B.Cu
[track_dangling]: Track has unconnected end
    Local override; warning
    @(94.6407 mm, 87.9693 mm): Track [<no net>] on B.Cu, length 0.5007 mm
[track_dangling]: Track has unconnected end
    Local override; warning
    @(94.8450 mm, 90.4414 mm): Track [<no net>] on B.Cu, length 0.2121 mm
[track_dangling]: Track has unconnected end
    Local override; warning
    @(96.0450 mm, 90.0686 mm): Track [<no net>] on B.Cu, length 4.1021 mm
[track_dangling]: Track has unconnected end
    Local override; warning
    @(93.7393 mm, 87.9693 mm): Track [<no net>] on B.Cu, length 0.0507 mm
[via_dangling]: Via is not connected or connected on only one layer
    Local override; warning
    @(96.0000 mm, 97.0000 mm): Via [GNDA] on F.Cu - B.Cu
[via_dangling]: Via is not connected or connected on only one layer
    Local override; warning
    @(93.0000 mm, 99.0000 mm): Via [GNDA] on F.Cu - B.Cu
[track_dangling]: Track has unconnected end
    Local override; warning
    @(95.4450 mm, 86.5906 mm): Track [/AIN0] on B.Cu, length 1.7608 mm
[silk_edge_clearance]: Silkscreen clipped by board edge
    Rule: board setup constraints silk; warning
    @(70.0000 mm, 79.0000 mm): Rectangle on Edge.Cuts
    @(100.9600 mm, 112.5000 mm): Segment of D4 on B.Silkscreen
[silk_edge_clearance]: Silkscreen clipped by board edge
    Rule: board setup constraints silk; warning
    @(70.0000 mm, 79.0000 mm): Rectangle on Edge.Cuts
    @(100.9600 mm, 115.1850 mm): Segment of D4 on B.Silkscreen
[silk_overlap]: Silkscreen clearance
    Rule: board setup constraints silk; warning
    @(76.1600 mm, 93.5700 mm): Reference field of МБЖ1111111111111
    @(76.4425 mm, 101.1800 mm): Reference field of D1
[silk_overlap]: Silkscreen clearance
    Rule: board setup constraints silk; warning
    @(76.1600 mm, 93.5700 mm): Reference field of МБЖ1111111111111
    @(77.4425 mm, 100.1800 mm): Segment of D1 on F.Silkscreen
[silk_overlap]: Silkscreen clearance
    Rule: board setup constraints silk; warning
    @(76.1600 mm, 93.5700 mm): Reference field of МБЖ1111111111111
    @(76.3400 mm, 99.0300 mm): Reference field of R1
[silk_overlap]: Silkscreen clearance
    Rule: board setup constraints silk; warning
    @(76.1600 mm, 93.5700 mm): Reference field of МБЖ1111111111111
    @(76.5671 mm, 98.1850 mm): Segment of R1 on F.Silkscreen
[silk_overlap]: Silkscreen clearance
    Rule: board setup constraints silk; warning
    @(76.1600 mm, 93.5700 mm): Reference field of МБЖ1111111111111
    @(74.7800 mm, 97.5700 mm): Segment of МБЖ1111111111111 on F.Silkscreen
[silk_overlap]: Silkscreen clearance
    Rule: board setup constraints silk; warning
    @(76.1600 mm, 93.5700 mm): Reference field of МБЖ1111111111111
    @(76.5671 mm, 99.6550 mm): Segment of R1 on F.Silkscreen
[silk_overlap]: Silkscreen clearance
    Rule: board setup constraints silk; warning
    @(72.5000 mm, 92.6100 mm): Reference field of МЗ1111111111111
    @(72.3500 mm, 101.0800 mm): Reference field of SW2
[silk_overlap]: Silkscreen clearance
    Rule: board setup constraints silk; warning
    @(72.5000 mm, 92.6100 mm): Reference field of МЗ1111111111111
    @(71.1200 mm, 97.5700 mm): Segment of МЗ1111111111111 on F.Silkscreen
[silk_overlap]: Silkscreen clearance
    Rule: board setup constraints silk; warning
    @(73.9300 mm, 101.3500 mm): Segment of SW2 on F.Silkscreen
    @(72.3500 mm, 101.0800 mm): Reference field of SW2
[silk_overlap]: Silkscreen clearance
    Rule: board setup constraints silk; warning
    @(76.1600 mm, 93.5700 mm): Reference field of МБЖ1111111111111
    @(74.7800 mm, 89.8400 mm): Segment of МБЖ1111111111111 on F.Silkscreen
[silk_overlap]: Silkscreen clearance
    Rule: board setup constraints silk; warning
    @(76.1600 mm, 93.5700 mm): Reference field of МБЖ1111111111111
    @(74.7800 mm, 87.1900 mm): Segment of МБЖ1111111111111 on F.Silkscreen
[silk_overlap]: Silkscreen clearance
    Rule: board setup constraints silk; warning
    @(76.1600 mm, 93.5700 mm): Reference field of МБЖ1111111111111
    @(74.7800 mm, 86.2850 mm): Segment of SW3 on F.Silkscreen
[silk_overlap]: Silkscreen clearance
    Rule: board setup constraints silk; warning
    @(74.7800 mm, 83.6350 mm): Segment of SW3 on F.Silkscreen
    @(76.1600 mm, 83.9050 mm): Reference field of SW3
[silk_overlap]: Silkscreen clearance
    Rule: board setup constraints silk; warning
    @(72.5000 mm, 92.6100 mm): Reference field of МЗ1111111111111
    @(71.1200 mm, 89.8400 mm): Segment of МЗ1111111111111 on F.Silkscreen
[silk_overlap]: Silkscreen clearance
    Rule: board setup constraints silk; warning
    @(72.5000 mm, 92.6100 mm): Reference field of МЗ1111111111111
    @(71.1200 mm, 87.1900 mm): Segment of МЗ1111111111111 on F.Silkscreen
[silk_overlap]: Silkscreen clearance
    Rule: board setup constraints silk; warning
    @(73.8800 mm, 83.6550 mm): Segment of SW1 on F.Silkscreen
    @(72.5000 mm, 83.6500 mm): Reference field of SW1
[silk_over_copper]: Silkscreen clipped by solder mask
    Local override; warning
    @(76.1600 mm, 93.5700 mm): Reference field of МБЖ1111111111111
    @(75.5050 mm, 101.1400 mm): Pad 1 [GND] of D1 on F.Cu
[silk_over_copper]: Silkscreen clipped by solder mask
    Local override; warning
    @(76.4425 mm, 101.1800 mm): Reference field of D1
    @(75.5050 mm, 101.1400 mm): Pad 1 [GND] of D1 on F.Cu
[silk_over_copper]: Silkscreen clipped by solder mask
    Local override; warning
    @(76.4425 mm, 101.1800 mm): Reference field of D1
    @(77.3800 mm, 101.1400 mm): Pad 2 [Net-(D1-A)] of D1 on F.Cu
[silk_over_copper]: Silkscreen clipped by solder mask
    Local override; warning
    @(76.3400 mm, 99.0300 mm): Reference field of R1
    @(75.4275 mm, 98.9200 mm): Pad 2 [Net-(D1-A)] of R1 on F.Cu
[silk_over_copper]: Silkscreen clipped by solder mask
    Local override; warning
    @(76.1600 mm, 93.5700 mm): Reference field of МБЖ1111111111111
    @(75.4275 mm, 98.9200 mm): Pad 2 [Net-(D1-A)] of R1 on F.Cu
[silk_over_copper]: Silkscreen clipped by solder mask
    Local override; warning
    @(76.3400 mm, 99.0300 mm): Reference field of R1
    @(77.2525 mm, 98.9200 mm): Pad 1 [+3V3] of R1 on F.Cu
[silk_over_copper]: Silkscreen clipped by solder mask
    Local override; warning
    @(76.1600 mm, 93.5700 mm): Reference field of МБЖ1111111111111
    @(76.1600 mm, 96.1900 mm): PTH pad 4 [GND] of МБЖ1111111111111
[silk_over_copper]: Silkscreen clipped by solder mask
    Local override; warning
    @(79.8000 mm, 98.8025 mm): Reference field of C2
    @(78.8500 mm, 98.6825 mm): Pad 1 [+3V3] of C2 on F.Cu
[silk_over_copper]: Silkscreen clipped by solder mask
    Local override; warning
    @(79.8000 mm, 98.8025 mm): Reference field of C2
    @(80.7500 mm, 98.6825 mm): Pad 2 [GND] of C2 on F.Cu
[silk_over_copper]: Silkscreen clipped by solder mask
    Local override; warning
    @(79.6600 mm, 89.3100 mm): Reference field of C1
    @(80.7400 mm, 89.3000 mm): Pad 2 [GND] of C1 on F.Cu
[silk_over_copper]: Silkscreen clipped by solder mask
    Local override; warning
    @(72.5000 mm, 92.6100 mm): Reference field of МЗ1111111111111
    @(72.5500 mm, 100.0800 mm): PTH pad 2 [Net-(МБЖ1111111111111-Pin_3)] of SW2
[silk_over_copper]: Silkscreen clipped by solder mask
    Local override; warning
    @(72.5000 mm, 92.6100 mm): Reference field of МЗ1111111111111
    @(72.5000 mm, 96.1900 mm): PTH pad 4 [GND] of МЗ1111111111111
[silk_over_copper]: Silkscreen clipped by solder mask
    Local override; warning
    @(72.5000 mm, 92.6100 mm): Reference field of МЗ1111111111111
    @(72.5000 mm, 93.6500 mm): PTH pad 3 [Net-(МБЖ1111111111111-Pin_1)] of МЗ1111111111111
[silk_over_copper]: Silkscreen clipped by solder mask
    Local override; warning
    @(72.5000 mm, 92.6100 mm): Reference field of МЗ1111111111111
    @(72.5000 mm, 91.1100 mm): PTH pad 2 [GND] of МЗ1111111111111
[silk_over_copper]: Silkscreen clipped by solder mask
    Local override; warning
    @(72.3500 mm, 101.0800 mm): Reference field of SW2
    @(72.5500 mm, 102.6200 mm): PTH pad 1 [+3V3] of SW2
[silk_over_copper]: Silkscreen clipped by solder mask
    Local override; warning
    @(72.3500 mm, 101.0800 mm): Reference field of SW2
    @(72.5500 mm, 100.0800 mm): PTH pad 2 [Net-(МБЖ1111111111111-Pin_3)] of SW2
[silk_over_copper]: Silkscreen clipped by solder mask
    Local override; warning
    @(76.1600 mm, 93.5700 mm): Reference field of МБЖ1111111111111
    @(76.1600 mm, 93.6500 mm): PTH pad 3 [Net-(МБЖ1111111111111-Pin_3)] of МБЖ1111111111111
[silk_over_copper]: Silkscreen clipped by solder mask
    Local override; warning
    @(76.1600 mm, 93.5700 mm): Reference field of МБЖ1111111111111
    @(76.1600 mm, 91.1100 mm): PTH pad 2 [GND] of МБЖ1111111111111
[silk_over_copper]: Silkscreen clipped by solder mask
    Local override; warning
    @(76.1600 mm, 93.5700 mm): Reference field of МБЖ1111111111111
    @(76.1600 mm, 88.5700 mm): PTH pad 1 [Net-(МБЖ1111111111111-Pin_1)] of МБЖ1111111111111
[silk_over_copper]: Silkscreen clipped by solder mask
    Local override; warning
    @(76.1600 mm, 83.9050 mm): Reference field of SW3
    @(76.1600 mm, 84.9050 mm): PTH pad 2 [Net-(DA2-IN)] of SW3
[silk_over_copper]: Silkscreen clipped by solder mask
    Local override; warning
    @(76.1600 mm, 83.9050 mm): Reference field of SW3
    @(76.1600 mm, 82.3650 mm): PTH pad 1 [+12V] of SW3
[silk_over_copper]: Silkscreen clipped by solder mask
    Local override; warning
    @(72.5000 mm, 92.6100 mm): Reference field of МЗ1111111111111
    @(72.5000 mm, 88.5700 mm): PTH pad 1 [Net-(МЗ1111111111111-Pin_1)] of МЗ1111111111111
[silk_over_copper]: Silkscreen clipped by solder mask
    Local override; warning
    @(72.5000 mm, 92.6100 mm): Reference field of МЗ1111111111111
    @(72.5000 mm, 84.9250 mm): PTH pad 1 [Net-(МЗ1111111111111-Pin_1)] of SW1
[silk_over_copper]: Silkscreen clipped by solder mask
    Local override; warning
    @(72.5000 mm, 83.6500 mm): Reference field of SW1
    @(72.5000 mm, 84.9250 mm): PTH pad 1 [Net-(МЗ1111111111111-Pin_1)] of SW1
[silk_over_copper]: Silkscreen clipped by solder mask
    Local override; warning
    @(72.5000 mm, 83.6500 mm): Reference field of SW1
    @(72.5000 mm, 82.3850 mm): PTH pad 2 [+12V] of SW1
[silk_over_copper]: Silkscreen clipped by solder mask
    Local override; warning
    @(79.6600 mm, 89.3100 mm): Reference field of C1
    @(78.8400 mm, 89.3000 mm): Pad 1 [Net-(DA2-IN)] of C1 on F.Cu
[silk_overlap]: Silkscreen clearance
    Rule: board setup constraints silk; warning
    @(90.0425 mm, 82.3729 mm): Segment of R3 on B.Silkscreen
    @(90.6775 mm, 82.6000 mm): Reference field of R3
[silk_overlap]: Silkscreen clearance
    Rule: board setup constraints silk; warning
    @(91.5435 mm, 112.0000 mm): Reference field of R12
    @(91.3164 mm, 112.4950 mm): Segment of R12 on B.Silkscreen
[silk_over_copper]: Silkscreen clipped by solder mask
    Local override; warning
    @(94.3275 mm, 95.3500 mm): Reference field of D2
    @(94.3275 mm, 94.4125 mm): Pad 1 [Net-(D2-K)] of D2 on B.Cu
[silk_over_copper]: Silkscreen clipped by solder mask
    Local override; warning
    @(94.3275 mm, 95.3500 mm): Reference field of D2
    @(94.3275 mm, 96.2875 mm): Pad 2 [/VSHIFT] of D2 on B.Cu
[silk_over_copper]: Silkscreen clipped by solder mask
    Local override; warning
    @(97.5000 mm, 95.3375 mm): Reference field of R4
    @(97.5000 mm, 94.4250 mm): Pad 1 [/AIN0] of R4 on B.Cu
[silk_over_copper]: Silkscreen clipped by solder mask
    Local override; warning
    @(97.5000 mm, 95.3375 mm): Reference field of R4
    @(97.5000 mm, 96.2500 mm): Pad 2 [/VSHIFT] of R4 on B.Cu
[silk_over_copper]: Silkscreen clipped by solder mask
    Local override; warning
    @(88.4875 mm, 95.3000 mm): Reference field of C5
    @(88.3575 mm, 94.3500 mm): Pad 2 [Net-(D2-K)] of C5 on B.Cu
[silk_over_copper]: Silkscreen clipped by solder mask
    Local override; warning
    @(88.4875 mm, 95.3000 mm): Reference field of C5
    @(88.3575 mm, 96.2500 mm): Pad 1 [/AIN0] of C5 on B.Cu
[silk_over_copper]: Silkscreen clipped by solder mask
    Local override; warning
    @(91.3475 mm, 95.3200 mm): Reference field of R2
    @(91.3275 mm, 94.3875 mm): Pad 2 [Net-(D2-K)] of R2 on B.Cu
[silk_over_copper]: Silkscreen clipped by solder mask
    Local override; warning
    @(91.3475 mm, 95.3200 mm): Reference field of R2
    @(91.3275 mm, 96.2125 mm): Pad 1 [/AIN0] of R2 on B.Cu
[silk_over_copper]: Silkscreen clipped by solder mask
    Local override; warning
    @(89.9100 mm, 85.8700 mm): Reference field of C7
    @(90.8600 mm, 85.8700 mm): Pad 1 [/VSHIFT] of C7 on B.Cu
[silk_over_copper]: Silkscreen clipped by solder mask
    Local override; warning
    @(89.9100 mm, 85.8700 mm): Reference field of C7
    @(88.9600 mm, 85.8700 mm): Pad 2 [GNDA] of C7 on B.Cu
[silk_over_copper]: Silkscreen clipped by solder mask
    Local override; warning
    @(93.8475 mm, 82.6075 mm): Reference field of D3
    @(93.7775 mm, 81.6625 mm): Pad 2 [/VSHIFT] of D3 on B.Cu
[silk_over_copper]: Silkscreen clipped by solder mask
    Local override; warning
    @(93.8475 mm, 82.6075 mm): Reference field of D3
    @(93.7775 mm, 83.5375 mm): Pad 1 [Net-(D3-K)] of D3 on B.Cu
[silk_over_copper]: Silkscreen clipped by solder mask
    Local override; warning
    @(96.7775 mm, 82.5847 mm): Reference field of R5
    @(96.7775 mm, 81.6722 mm): Pad 2 [/VSHIFT] of R5 on B.Cu
[silk_over_copper]: Silkscreen clipped by solder mask
    Local override; warning
    @(96.7775 mm, 82.5847 mm): Reference field of R5
    @(96.7775 mm, 83.4972 mm): Pad 1 [/AIN2] of R5 on B.Cu
[silk_over_copper]: Silkscreen clipped by solder mask
    Local override; warning
    @(90.6775 mm, 82.6000 mm): Reference field of R3
    @(90.7775 mm, 81.6875 mm): Pad 1 [/AIN2] of R3 on B.Cu
[silk_over_copper]: Silkscreen clipped by solder mask
    Local override; warning
    @(90.6775 mm, 82.6000 mm): Reference field of R3
    @(90.7775 mm, 83.5125 mm): Pad 2 [Net-(D3-K)] of R3 on B.Cu
[silk_over_copper]: Silkscreen clipped by solder mask
    Local override; warning
    @(87.7775 mm, 82.6000 mm): Reference field of C6
    @(87.7775 mm, 81.6500 mm): Pad 1 [/AIN2] of C6 on B.Cu
[silk_over_copper]: Silkscreen clipped by solder mask
    Local override; warning
    @(87.7775 mm, 82.6000 mm): Reference field of C6
    @(87.7775 mm, 83.5500 mm): Pad 2 [Net-(DA1B--)] of C6 on B.Cu
[silk_over_copper]: Silkscreen clipped by solder mask
    Local override; warning
    @(87.5875 mm, 102.5200 mm): Reference field of R9
    @(88.5000 mm, 102.5000 mm): Pad 1 [/SCLK] of R9 on B.Cu
[silk_over_copper]: Silkscreen clipped by solder mask
    Local override; warning
    @(87.5875 mm, 102.5200 mm): Reference field of R9
    @(86.6750 mm, 102.5000 mm): Pad 2 [/SCLK] of R9 on B.Cu
[silk_over_copper]: Silkscreen clipped by solder mask
    Local override; warning
    @(91.4900 mm, 103.7400 mm): Reference field of C3
    @(92.4400 mm, 103.7900 mm): Pad 1 [+3V3] of C3 on B.Cu
[silk_over_copper]: Silkscreen clipped by solder mask
    Local override; warning
    @(91.4900 mm, 103.7400 mm): Reference field of C3
    @(90.5400 mm, 103.7900 mm): Pad 2 [GNDA] of C3 on B.Cu
[silk_over_copper]: Silkscreen clipped by solder mask
    Local override; warning
    @(90.9300 mm, 121.0600 mm): Reference field of R8
    @(90.9300 mm, 120.1475 mm): Pad 1 [/DIN] of R8 on B.Cu
[silk_over_copper]: Silkscreen clipped by solder mask
    Local override; warning
    @(91.5190 mm, 114.3000 mm): Reference field of R11
    @(90.6065 mm, 114.3000 mm): Pad 2 [/DOUT] of R11 on B.Cu
[silk_over_copper]: Silkscreen clipped by solder mask
    Local override; warning
    @(90.9300 mm, 121.0600 mm): Reference field of R8
    @(90.9300 mm, 121.9725 mm): Pad 2 [/DIN] of R8 on B.Cu
[silk_over_copper]: Silkscreen clipped by solder mask
    Local override; warning
    @(94.9400 mm, 103.8600 mm): Reference field of C4
    @(95.8900 mm, 103.7900 mm): Pad 2 [+3V3] of C4 on B.Cu
[silk_over_copper]: Silkscreen clipped by solder mask
    Local override; warning
    @(94.9400 mm, 103.8600 mm): Reference field of C4
    @(93.9900 mm, 103.7900 mm): Pad 1 [GNDA] of C4 on B.Cu
[silk_over_copper]: Silkscreen clipped by solder mask
    Local override; warning
    @(100.0000 mm, 113.5000 mm): Reference field of D4
    @(100.0000 mm, 114.4375 mm): Pad 1 [GND] of D4 on B.Cu
[silk_over_copper]: Silkscreen clipped by solder mask
    Local override; warning
    @(91.5190 mm, 114.3000 mm): Reference field of R11
    @(92.4315 mm, 114.3000 mm): Pad 1 [/DOUT] of R11 on B.Cu
[silk_over_copper]: Silkscreen clipped by solder mask
    Local override; warning
    @(91.5435 mm, 112.0000 mm): Reference field of R12
    @(92.4560 mm, 111.7600 mm): Pad 2 [/CS] of R12 on B.Cu
[silk_over_copper]: Silkscreen clipped by solder mask
    Local override; warning
    @(91.5435 mm, 112.0000 mm): Reference field of R12
    @(90.6310 mm, 111.7600 mm): Pad 1 [/CS] of R12 on B.Cu
[silk_over_copper]: Silkscreen clipped by solder mask
    Local override; warning
    @(100.0000 mm, 113.5000 mm): Reference field of D4
    @(100.0000 mm, 112.5625 mm): Pad 2 [Net-(D4-A)] of D4 on B.Cu
[silk_over_copper]: Silkscreen clipped by solder mask
    Local override; warning
    @(100.0000 mm, 109.9125 mm): Reference field of R10
    @(100.0000 mm, 110.8250 mm): Pad 1 [Net-(D4-A)] of R10 on B.Cu
[silk_over_copper]: Silkscreen clipped by solder mask
    Local override; warning
    @(100.0000 mm, 109.9125 mm): Reference field of R10
    @(100.0000 mm, 109.0000 mm): Pad 2 [+3V3] of R10 on B.Cu

** Found 20 unconnected pads **
[unconnected_items]: Missing connection between items
    Local override; error
    @(74.2850 mm, 105.5000 mm): Track [GND] on B.Cu, length 1.2850 mm
    @(75.5050 mm, 101.1400 mm): Pad 1 [GND] of D1 on F.Cu
[unconnected_items]: Missing connection between items
    Local override; error
    @(85.6200 mm, 94.0000 mm): Pad 2 [GND] of DA2 on F.Cu
    @(90.7175 mm, 101.0350 mm): Pad 3 [GND] of DA3 on B.Cu
[unconnected_items]: Missing connection between items
    Local override; error
    @(90.7175 mm, 100.3850 mm): Pad 4 [GNDA] of DA3 on B.Cu
    @(91.6400 mm, 102.8200 mm): Track [GNDA] on F.Cu, length 1.8500 mm
[unconnected_items]: Missing connection between items
    Local override; error
    @(93.0000 mm, 99.0000 mm): Via [GNDA] on F.Cu - B.Cu
    @(90.7175 mm, 99.7350 mm): Pad 5 [GNDA] of DA3 on B.Cu
[unconnected_items]: Missing connection between items
    Local override; error
    @(72.5000 mm, 82.3850 mm): PTH pad 2 [+12V] of SW1
    @(76.1600 mm, 82.3650 mm): PTH pad 1 [+12V] of SW3
[unconnected_items]: Missing connection between items
    Local override; error
    @(95.4450 mm, 91.5406 mm): Pad 2 [Net-(D2-K)] of DA1 on B.Cu
    @(94.1750 mm, 91.5406 mm): Track [Net-(D2-K)] on B.Cu, length 0.8319 mm
[unconnected_items]: Missing connection between items
    Local override; error
    @(92.4560 mm, 109.2200 mm): Pad 1 [/DRDY] of R7 on B.Cu
    @(90.6310 mm, 109.2200 mm): Track [/DRDY] on B.Cu, length 1.8110 mm
[unconnected_items]: Missing connection between items
    Local override; error
    @(90.6310 mm, 111.7600 mm): Pad 1 [/CS] of R12 on B.Cu
    @(92.4560 mm, 111.7600 mm): Track [/CS] on B.Cu, length 1.2198 mm
[unconnected_items]: Missing connection between items
    Local override; error
    @(88.5000 mm, 102.5000 mm): Pad 1 [/SCLK] of R9 on B.Cu
    @(86.6750 mm, 102.5000 mm): Pad 2 [/SCLK] of R9 on B.Cu
[unconnected_items]: Missing connection between items
    Local override; error
    @(92.4315 mm, 114.3000 mm): Pad 1 [/DOUT] of R11 on B.Cu
    @(90.6065 mm, 114.3000 mm): Pad 2 [/DOUT] of R11 on B.Cu
[unconnected_items]: Missing connection between items
    Local override; error
    @(90.9300 mm, 120.1475 mm): Pad 1 [/DIN] of R8 on B.Cu
    @(90.9300 mm, 121.9725 mm): Pad 2 [/DIN] of R8 on B.Cu
[unconnected_items]: Missing connection between items
    Local override; error
    @(88.1025 mm, 80.8250 mm): Track [/AIN0] on B.Cu, length 0.4596 mm
    @(87.7775 mm, 81.6500 mm): Track [/AIN0] on B.Cu, length 6.0825 mm
[unconnected_items]: Missing connection between items
    Local override; error
    @(95.9244 mm, 86.5906 mm): Track [/AIN0] on B.Cu, length 0.4794 mm
    @(97.5000 mm, 92.3256 mm): Track [/AIN0] on B.Cu, length 1.1102 mm
[unconnected_items]: Missing connection between items
    Local override; error
    @(93.0000 mm, 85.0000 mm): Track [Net-(DA1B--)] on B.Cu, length 1.5000 mm
    @(94.1750 mm, 86.5906 mm): Pad 6 [Net-(DA1B--)] of DA1 on B.Cu
[unconnected_items]: Missing connection between items
    Local override; error
    @(93.7775 mm, 83.5375 mm): Pad 1 [Net-(D3-K)] of D3 on B.Cu
    @(90.7775 mm, 83.5125 mm): Pad 2 [Net-(D3-K)] of R3 on B.Cu
[unconnected_items]: Missing connection between items
    Local override; error
    @(90.7775 mm, 81.6875 mm): Pad 1 [/AIN2] of R3 on B.Cu
    @(87.7775 mm, 81.6500 mm): Pad 1 [/AIN2] of C6 on B.Cu
[unconnected_items]: Missing connection between items
    Local override; error
    @(96.7775 mm, 83.4972 mm): Pad 1 [/AIN2] of R5 on B.Cu
    @(90.7775 mm, 81.6875 mm): Pad 1 [/AIN2] of R3 on B.Cu
[unconnected_items]: Missing connection between items
    Local override; error
    @(98.0000 mm, 85.5000 mm): Track [/AIN2] on B.Cu, length 0.7803 mm
    @(95.4450 mm, 86.5906 mm): Pad 7 [/AIN2] of DA1 on B.Cu
[unconnected_items]: Missing connection between items
    Local override; error
    @(93.7775 mm, 81.6625 mm): Pad 2 [/VSHIFT] of D3 on B.Cu
    @(96.7775 mm, 81.6722 mm): Track [/VSHIFT] on B.Cu, length 1.8346 mm
[unconnected_items]: Missing connection between items
    Local override; error
    @(94.3275 mm, 96.2875 mm): Pad 2 [/VSHIFT] of D2 on B.Cu
    @(94.4135 mm, 98.4350 mm): Track [/VSHIFT] on B.Cu, length 1.6476 mm

** Found 0 Footprint errors **

** Ignored checks **
    - Footprint has no courtyard defined
    - Track endpoint not centered on via
    - Tuning profile track geometries
    - Footprint doesn't match symbol's footprint filters
    - Footprint component type doesn't match footprint pads

** End of Report **
